LINE ADDR CONTENTS SOURCE LINE
  1.              	.EQU	PHRASE, $49
  2.              	.EQU	@, PHRASE
  3.  049 676574  	.CHAR 'get pwned', CHAR_LENGTH
      04A 207077
      04B 6E6564
  4.              	.EQU	WRITETO, $D00
  5.              	.EQU	@, $000	
  6.              	.EQU	KEYBOARD_STATUS, $000
  7.              	.EQU	KEYBOARD_DATA, $001
  8.  000 000000  	LDA#	0
  9.  001 030000  	LDF#	0
 10.  002 010000  	LDX#	0
 11.  003 702000  KEYPOLL:	INB	KEYBOARD_STATUS
 12.  004 FFF038  	NOP
 13.  005 4B2003  	JGE	KEYPOLL
 14.  006 702001  	INB	KEYBOARD_DATA
 15.  007 043D00  	STA ! WRITETO	;storing in $D00
 16.  008 130001  	ADF#	1
 17.  009 010000  	LDX#	0
 18.  00A 502049  CHECK:	LDC	PHRASE
 19.  00B 205CF7  	CMA+ ! WRITETO-CHAR_LENGTH
 20.  00C 492003  	JNE	KEYPOLL
 21.  00D 600009  	AOC#	CHAR_LENGTH
 22.  00E 482010  	JEQ	START_DELETE
 23.  00F 40200A  	JMP	CHECK
 24.              
 25.  010 010000  START_DELETE:	LDX#	0
 26.  011 000000  	LDA#	0
 27.  012 044000  LOOP_DELETION:	STA+	0
 28.  013 600032  	AOC#	50
 29.  014 4B2016  	JGE	FINISH
 30.  015 402012  	JMP	LOOP_DELETION
 31.  016 FFFFFF  FINISH:	HLT

                     SYMBOL TABLE CONTENTS

000009 = CHAR_LENGTH     00000A = CHECK           000016 = FINISH          
000001 = KEYBOARD_DATA   000000 = KEYBOARD_STATUS 000003 = KEYPOLL         
000012 = LOOP_DELETION   000049 = PHRASE          000010 = START_DELETE    
000D00 = WRITETO         