LINE ADDR CONTENTS SOURCE LINE
  1.              	.EQU	PHRASE, $49
  2.              	.EQU	@, PHRASE
  3.  049 676574  	.CHAR 'get pwned', CHAR_LENGTH
      04A 207077
      04B 6E6564
  4.              	.EQU	WRITETO, $D00
  5.              	.EQU	@, $000	
  6.              	.EQU	KEYBOARD_STATUS, $000
  7.              	.EQU	KEYBOARD_DATA, $001
  8.              
  9.  000 000000  	LDA#	0
 10.  001 030000  	LDF#	0
 11.  002 010000  	LDX#	0
 12.              
 13.  003 702000  KEYPOLL:	INB	KEYBOARD_STATUS
 14.  004 FFF038  	NOP
 15.  005 4B2003  	JGE	KEYPOLL
 16.  006 702001  	INB	KEYBOARD_DATA
 17.  007 043D00  	STA ! WRITETO	;storing in $D00
 18.  008 130001  	ADF#	1
 19.  009 010000  	LDX#	0
 20.              
 21.  00A 502049  CHECK:	LDC	PHRASE
 22.  00B 205CF7  	CMA+ ! WRITETO-CHAR_LENGTH
 23.  00C 492003  	JNE	KEYPOLL
 24.  00D 600009  	AOC#	CHAR_LENGTH
 25.  00E 482010  	JEQ	START_DELETE
 26.  00F 40200A  	JMP	CHECK
 27.              
 28.  010 010000  START_DELETE:	LDX#	0
 29.  011 000000  	LDA#	0
 30.              
 31.  012 044000  LOOP_DELETION:	STA+	0
 32.  013 600032  	AOC#	50
 33.  014 4B2016  	JGE	FINISH
 34.  015 402012  	JMP	LOOP_DELETION
 35.              
 36.  016 FFFFFF  FINISH:	HLT

                     SYMBOL TABLE CONTENTS

000009 = CHAR_LENGTH     00000A = CHECK           000016 = FINISH          
000001 = KEYBOARD_DATA   000000 = KEYBOARD_STATUS 000003 = KEYPOLL         
000012 = LOOP_DELETION   000049 = PHRASE          000010 = START_DELETE    
000D00 = WRITETO         